2026-04-22 14:16:34,833 - AuctionAssistant - INFO - Sessão iniciada pelo usuário: iag
2026-04-22 14:16:34,836 - AuctionAssistant - INFO - AÇÃO: Usuário iag logado com sucesso.
2026-04-22 14:19:02,203 - AuctionAssistant - INFO - Navegando para: https://www.magazineluiza.com.br/notebook-multi-ultra-ub251-4gb-ram-128gb-emmc-14-hd-windows-11-ub251-mouse-sem-fio/p/238851600/in/nmls/?seller_id=magazineluiza&srsltid=AfmBOoqjFT2p_dAOK_lh8IWvWHwYz1vY7xRdKFxLjN8QV1M4itLswDSYcAs
2026-04-22 14:19:37,203 - AuctionAssistant - CRITICAL - Erro fatal no monitoramento: Page.wait_for_selector: Timeout 30000ms exceeded.
Call log:
  - waiting for locator("//*[@id=\"price-final-label-12837\"]") to be visible

2026-04-22 14:20:08,556 - AuctionAssistant - INFO - Sessão iniciada pelo usuário: iag
2026-04-22 14:20:08,561 - AuctionAssistant - INFO - AÇÃO: Usuário iag logado com sucesso.
2026-04-22 14:21:04,097 - AuctionAssistant - INFO - Navegando para: https://www.magazineluiza.com.br/notebook-multi-ultra-ub251-4gb-ram-128gb-emmc-14-hd-windows-11-ub251-mouse-sem-fio/p/238851600/in/nmls/?seller_id=magazineluiza&srsltid=AfmBOoqjFT2p_dAOK_lh8IWvWHwYz1vY7xRdKFxLjN8QV1M4itLswDSYcAs
2026-04-22 14:21:06,079 - AuctionAssistant - CRITICAL - Erro fatal no monitoramento: Page.wait_for_selector: Unexpected token "/" while parsing css selector "/html/body/div[4]/div/aside/div[1]/div[1]/div/div/div[2]/p/span[2]/span[2]". Did you mean to CSS.escape it?
Call log:
  - waiting for /html/body/div[4]/div/aside/div[1]/div[1]/div/div/div[2]/p/span[2]/span[2] to be visible

2026-04-22 14:23:34,005 - AuctionAssistant - INFO - Sessão iniciada pelo usuário: iag
2026-04-22 14:23:34,009 - AuctionAssistant - INFO - AÇÃO: Usuário iag logado com sucesso.
2026-04-22 14:26:25,771 - AuctionAssistant - INFO - Navegando para: https://www.magazineluiza.com.br/notebook-multi-ultra-ub251-4gb-ram-128gb-emmc-14-hd-windows-11-ub251-mouse-sem-fio/p/238851600/in/nmls/?seller_id=magazineluiza&srsltid=AfmBOoqjFT2p_dAOK_lh8IWvWHwYz1vY7xRdKFxLjN8QV1M4itLswDSYcAs
2026-04-22 14:26:30,223 - AuctionAssistant - CRITICAL - Erro fatal no monitoramento: could not convert string to float: '1439.101439.10'
2026-04-22 14:27:38,294 - AuctionAssistant - INFO - Sessão iniciada pelo usuário: iag
2026-04-22 14:27:38,298 - AuctionAssistant - INFO - AÇÃO: Usuário iag logado com sucesso.
2026-04-22 14:28:09,168 - AuctionAssistant - INFO - Navegando para: https://www.magazineluiza.com.br/notebook-multi-ultra-ub251-4gb-ram-128gb-emmc-14-hd-windows-11-ub251-mouse-sem-fio/p/238851600/in/nmls/?seller_id=magazineluiza&srsltid=AfmBOoqjFT2p_dAOK_lh8IWvWHwYz1vY7xRdKFxLjN8QV1M4itLswDSYcAs
2026-04-22 14:28:10,362 - AuctionAssistant - INFO - Monitoramento iniciado. Valor atual: 1439.1
2026-04-22 14:31:44,393 - AuctionAssistant - CRITICAL - Erro inesperado no sistema: coroutine ignored GeneratorExit
2026-04-22 14:32:02,780 - AuctionAssistant - INFO - Sessão iniciada pelo usuário: iag
2026-04-22 14:32:02,783 - AuctionAssistant - INFO - AÇÃO: Usuário iag logado com sucesso.
2026-04-22 14:32:17,226 - AuctionAssistant - INFO - Navegando para: https://www.asus.com/br/laptops/for-home/vivobook/vivobook-16-x1605/helpdesk_warranty?model2Name=Vivobook-16-OLED-X1605
2026-04-22 14:32:18,470 - AuctionAssistant - INFO - Monitoramento iniciado. Valor atual: 4769.1
2026-04-22 14:33:36,775 - AuctionAssistant - CRITICAL - Erro inesperado no sistema: coroutine ignored GeneratorExit
2026-04-22 14:33:40,304 - AuctionAssistant - INFO - Sessão iniciada pelo usuário: iag
2026-04-22 14:33:40,307 - AuctionAssistant - INFO - AÇÃO: Usuário iag logado com sucesso.
2026-04-22 14:34:05,252 - AuctionAssistant - INFO - Navegando para: https://www.asus.com/br/laptops/for-home/vivobook/vivobook-16-x1605/helpdesk_warranty?model2Name=Vivobook-16-OLED-X1605
2026-04-22 14:34:06,478 - AuctionAssistant - INFO - Monitoramento iniciado. Valor atual: 4769.1
2026-04-22 14:34:16,479 - AuctionAssistant - INFO - Verificando... (O preço continua: 4769.1)
2026-04-22 14:34:26,494 - AuctionAssistant - INFO - Verificando... (O preço continua: 4769.1)
2026-04-22 14:34:36,506 - AuctionAssistant - INFO - Verificando... (O preço continua: 4769.1)
2026-04-22 14:34:46,518 - AuctionAssistant - INFO - Verificando... (O preço continua: 4769.1)
2026-04-22 14:34:56,544 - AuctionAssistant - INFO - Verificando... (O preço continua: 4769.1)
2026-04-22 14:35:06,557 - AuctionAssistant - INFO - Verificando... (O preço continua: 4769.1)
2026-04-22 14:35:12,387 - AuctionAssistant - CRITICAL - Erro inesperado no sistema: coroutine ignored GeneratorExit
2026-04-22 14:48:49,709 - AuctionAssistant - INFO - Sessão iniciada pelo usuário: iag
2026-04-22 14:48:49,713 - AuctionAssistant - INFO - AÇÃO: Usuário iag logado com sucesso.
2026-04-22 14:50:08,477 - AuctionAssistant - INFO - Navegando para: https://www.magazineluiza.com.br/notebook-multi-ultra-ub251-4gb-ram-128gb-emmc-14-hd-windows-11-ub251-mouse-sem-fio/p/238851600/in/nmls/?seller_id=magazineluiza&srsltid=AfmBOoqjFT2p_dAOK_lh8IWvWHwYz1vY7xRdKFxLjN8QV1M4itLswDSYcAs
2026-04-22 14:50:10,860 - AuctionAssistant - INFO - Monitoramento iniciado. Valor atual: 10.0
2026-04-22 14:50:15,871 - AuctionAssistant - INFO - Verificando... (O preço continua: 10.0)
2026-04-22 14:50:20,883 - AuctionAssistant - INFO - Verificando... (O preço continua: 10.0)
2026-04-22 14:50:25,895 - AuctionAssistant - INFO - Verificando... (O preço continua: 10.0)
2026-04-22 14:50:30,905 - AuctionAssistant - INFO - Verificando... (O preço continua: 10.0)
2026-04-22 14:50:35,917 - AuctionAssistant - INFO - Verificando... (O preço continua: 10.0)
2026-04-22 14:50:40,926 - AuctionAssistant - INFO - Verificando... (O preço continua: 10.0)
2026-04-22 14:50:45,934 - AuctionAssistant - INFO - Verificando... (O preço continua: 10.0)
2026-04-22 14:50:50,949 - AuctionAssistant - INFO - Verificando... (O preço continua: 10.0)
2026-04-22 14:50:55,962 - AuctionAssistant - INFO - Verificando... (O preço continua: 10.0)
2026-04-22 14:51:00,974 - AuctionAssistant - INFO - Verificando... (O preço continua: 10.0)
2026-04-22 14:51:05,984 - AuctionAssistant - INFO - Verificando... (O preço continua: 10.0)
2026-04-22 14:51:10,998 - AuctionAssistant - INFO - Verificando... (O preço continua: 10.0)
2026-04-22 14:51:16,008 - AuctionAssistant - INFO - Verificando... (O preço continua: 10.0)
2026-04-22 14:51:21,020 - AuctionAssistant - INFO - Verificando... (O preço continua: 10.0)
2026-04-22 14:51:26,032 - AuctionAssistant - INFO - Verificando... (O preço continua: 10.0)
2026-04-22 14:51:31,043 - AuctionAssistant - INFO - Verificando... (O preço continua: 10.0)
2026-04-22 14:51:36,056 - AuctionAssistant - INFO - Verificando... (O preço continua: 10.0)
2026-04-22 14:51:41,068 - AuctionAssistant - INFO - Verificando... (O preço continua: 10.0)
2026-04-22 14:51:46,079 - AuctionAssistant - INFO - Verificando... (O preço continua: 10.0)
2026-04-22 14:51:51,091 - AuctionAssistant - INFO - Verificando... (O preço continua: 10.0)
2026-04-22 14:51:56,103 - AuctionAssistant - INFO - Verificando... (O preço continua: 10.0)
2026-04-22 14:52:01,115 - AuctionAssistant - INFO - Verificando... (O preço continua: 10.0)
2026-04-22 14:52:06,127 - AuctionAssistant - INFO - Verificando... (O preço continua: 10.0)
2026-04-22 14:52:11,137 - AuctionAssistant - INFO - Verificando... (O preço continua: 10.0)
2026-04-22 14:52:16,151 - AuctionAssistant - INFO - Verificando... (O preço continua: 10.0)
2026-04-22 14:52:21,163 - AuctionAssistant - INFO - Verificando... (O preço continua: 10.0)
2026-04-22 14:52:26,175 - AuctionAssistant - INFO - Verificando... (O preço continua: 10.0)
2026-04-22 14:52:31,190 - AuctionAssistant - INFO - Verificando... (O preço continua: 10.0)
2026-04-22 14:52:36,202 - AuctionAssistant - INFO - Verificando... (O preço continua: 10.0)
2026-04-22 14:52:41,213 - AuctionAssistant - INFO - Verificando... (O preço continua: 10.0)
2026-04-22 14:52:46,223 - AuctionAssistant - INFO - Verificando... (O preço continua: 10.0)
2026-04-22 14:52:51,234 - AuctionAssistant - INFO - Verificando... (O preço continua: 10.0)
2026-04-22 14:52:56,245 - AuctionAssistant - INFO - Verificando... (O preço continua: 10.0)
2026-04-22 14:53:01,255 - AuctionAssistant - INFO - Verificando... (O preço continua: 10.0)
2026-04-22 14:53:06,265 - AuctionAssistant - INFO - Verificando... (O preço continua: 10.0)
2026-04-22 14:53:11,278 - AuctionAssistant - INFO - Verificando... (O preço continua: 10.0)
2026-04-22 14:53:16,289 - AuctionAssistant - INFO - Verificando... (O preço continua: 10.0)
2026-04-22 14:53:21,301 - AuctionAssistant - INFO - Verificando... (O preço continua: 10.0)
2026-04-22 14:53:26,312 - AuctionAssistant - INFO - Verificando... (O preço continua: 10.0)
2026-04-22 14:53:31,324 - AuctionAssistant - INFO - Verificando... (O preço continua: 10.0)
2026-04-22 14:53:36,335 - AuctionAssistant - INFO - Verificando... (O preço continua: 10.0)
2026-04-22 14:53:41,349 - AuctionAssistant - INFO - Verificando... (O preço continua: 10.0)
2026-04-22 14:53:46,369 - AuctionAssistant - INFO - Verificando... (O preço continua: 10.0)
2026-04-22 14:53:51,385 - AuctionAssistant - INFO - Verificando... (O preço continua: 10.0)
2026-04-22 14:53:56,395 - AuctionAssistant - INFO - Verificando... (O preço continua: 10.0)
2026-04-22 14:54:01,407 - AuctionAssistant - INFO - Verificando... (O preço continua: 10.0)
2026-04-22 14:54:06,420 - AuctionAssistant - INFO - Verificando... (O preço continua: 10.0)
2026-04-22 14:54:11,433 - AuctionAssistant - INFO - Verificando... (O preço continua: 10.0)
2026-04-22 14:54:16,443 - AuctionAssistant - INFO - Verificando... (O preço continua: 10.0)
2026-04-22 14:54:21,453 - AuctionAssistant - INFO - Verificando... (O preço continua: 10.0)
2026-04-22 14:54:26,468 - AuctionAssistant - INFO - Verificando... (O preço continua: 10.0)
2026-04-22 14:54:31,479 - AuctionAssistant - INFO - Verificando... (O preço continua: 10.0)
2026-04-22 14:54:36,490 - AuctionAssistant - INFO - Verificando... (O preço continua: 10.0)
2026-04-22 14:54:41,500 - AuctionAssistant - INFO - Verificando... (O preço continua: 10.0)
2026-04-22 14:54:46,510 - AuctionAssistant - INFO - Verificando... (O preço continua: 10.0)
2026-04-22 14:54:51,521 - AuctionAssistant - INFO - Verificando... (O preço continua: 10.0)
2026-04-22 14:54:56,533 - AuctionAssistant - INFO - Verificando... (O preço continua: 10.0)
2026-04-22 14:55:01,553 - AuctionAssistant - INFO - Verificando... (O preço continua: 10.0)
2026-04-22 14:55:06,566 - AuctionAssistant - INFO - Verificando... (O preço continua: 10.0)
2026-04-22 14:55:11,576 - AuctionAssistant - INFO - Verificando... (O preço continua: 10.0)
2026-04-22 14:55:16,589 - AuctionAssistant - INFO - Verificando... (O preço continua: 10.0)
2026-04-22 14:55:21,605 - AuctionAssistant - INFO - Verificando... (O preço continua: 10.0)
2026-04-22 14:55:26,617 - AuctionAssistant - INFO - Verificando... (O preço continua: 10.0)
2026-04-22 14:55:31,629 - AuctionAssistant - INFO - Verificando... (O preço continua: 10.0)
2026-04-22 14:55:36,638 - AuctionAssistant - INFO - Verificando... (O preço continua: 10.0)
2026-04-22 14:55:41,651 - AuctionAssistant - INFO - Verificando... (O preço continua: 10.0)
2026-04-22 14:55:46,664 - AuctionAssistant - INFO - Verificando... (O preço continua: 10.0)
2026-04-22 14:55:51,673 - AuctionAssistant - INFO - Verificando... (O preço continua: 10.0)
2026-04-22 14:55:56,683 - AuctionAssistant - INFO - Verificando... (O preço continua: 10.0)
2026-04-22 14:56:01,696 - AuctionAssistant - INFO - Verificando... (O preço continua: 10.0)
2026-04-22 14:56:06,707 - AuctionAssistant - INFO - Verificando... (O preço continua: 10.0)
2026-04-22 14:56:11,715 - AuctionAssistant - INFO - Verificando... (O preço continua: 10.0)
2026-04-22 14:56:16,726 - AuctionAssistant - INFO - Verificando... (O preço continua: 10.0)
2026-04-22 14:56:21,737 - AuctionAssistant - INFO - Verificando... (O preço continua: 10.0)
2026-04-22 14:56:26,749 - AuctionAssistant - INFO - Verificando... (O preço continua: 10.0)
2026-04-22 14:56:31,761 - AuctionAssistant - INFO - Verificando... (O preço continua: 10.0)
2026-04-22 14:56:36,773 - AuctionAssistant - INFO - Verificando... (O preço continua: 10.0)
2026-04-22 14:56:41,786 - AuctionAssistant - INFO - Verificando... (O preço continua: 10.0)
2026-04-22 14:56:46,797 - AuctionAssistant - INFO - Verificando... (O preço continua: 10.0)
2026-04-22 14:57:00,119 - AuctionAssistant - CRITICAL - Erro inesperado no sistema: coroutine ignored GeneratorExit
2026-04-22 14:57:08,497 - AuctionAssistant - INFO - Sessão iniciada pelo usuário: iag
2026-04-22 14:57:08,499 - AuctionAssistant - INFO - AÇÃO: Usuário iag logado com sucesso.
2026-04-22 14:59:50,450 - AuctionAssistant - INFO - Navegando para: https://www.magazineluiza.com.br/notebook-asus-vivobook-go-15-amd-ryzen-5-7520u-8gb-ram-512gb-ssd-156-full-hd-windows-11-e1504fa-nj836w/p/240066500/in/nass/?partner_id=64853&utm_source=pdp_desk&utm_medium=share
2026-04-22 14:59:52,373 - AuctionAssistant - CRITICAL - Erro fatal no monitoramento: Page.wait_for_selector: SyntaxError: Failed to execute 'evaluate' on 'Document': The string '//*[@id="product"]/aside/' is not a valid XPath expression.
    at Object.queryAll (<anonymous>:6147:25)
    at InjectedScript._queryEngineAll (<anonymous>:6847:49)
    at InjectedScript.querySelectorAll (<anonymous>:6834:30)
    at eval (eval at evaluate (:290:30), <anonymous>:4:35)
    at UtilityScript.evaluate (<anonymous>:292:16)
    at UtilityScript.<anonymous> (<anonymous>:1:44)
Call log:
  - waiting for locator("//*[@id=\"product\"]/aside/") to be visible

